mkdir -p build
========================================
SINTEZA: fpg1
========================================
yosys -p "\
	read_verilog -sv src/ecp5pll.sv src/clk_25_shift_pixel_cpu.sv; \
	 \
	hierarchy -top top; \
	synth_ecp5  -json build/fpg1.json" \
	2>&1 | tee build/synth.log
/bin/sh: 1: yosys: not found
Sinteza zavrsena: build/fpg1.json
========================================
PLACE & ROUTE: fpg1
========================================
nextpnr-ecp5 \
	--45k \
	--package CABGA381 \
	--speed 6 \
	--json build/fpg1.json \
	--lpf fpg1_partial_emard/src/proj/lattice/ulx3s/constraints/ulx3s_v20_segpdi.lpf \
	--textcfg build/fpg1.config \
	--timing-allow-fail \
	2>&1 | tee build/pnr.log
/bin/sh: 1: nextpnr-ecp5: not found
Place & Route zavrseno: build/fpg1.config
========================================
BITSTREAM: fpg1
========================================
ecppack \
	--idcode 0x41112043 \
	--input build/fpg1.config \
	--bit build/fpg1.bit \
	--compress --freq 62.0
make: ecppack: No such file or directory
make: *** [Makefile:226: build/fpg1.bit] Error 127
